
	.text 			# The .text assembler directive indicates
	.globl main		# The following is the code (as oppose to data)
main:				# .globl makes main know to the 
				# outside of the program.
# Prologue begins 
	sw $fp, 0($sp)		# Save the frame pointer
	sub $fp, $sp, 4		# Update the frame pointer

	sub $sp, $sp, 36		# Make space for the locals
# Prologue ends


label2:    	
	li $v0, 3
	sw $v0, -28($fp)
	li $t0, 4
	sw $t0, -24($fp)
	li $t1, 5
	sw $t1, -20($fp)
	neg $t2, $t0
	sw $t2, -16($fp)

# Epilogue Begins
	add $sp, $sp, 36
	lw $fp, 0($sp)  
	jr        $31		# Jump back to the operating system.
# Epilogue Ends

