  Procedure: main
  Intermediate Code Statements

label2: 
 iLoad:	v0 <- 3
 store:	a <- v0
 iLoad:	v0 <- 4
 store:	b <- v0
 iLoad:	v0 <- 5
 store:	c <- v0
 load:	v0 <- a
 load:	t0 <- b
 sgt: t1 <- v0 , t0
 load:	v0 <- c
 slt: t0 <- t1 , v0
 load:	v0 <- a
 sge: t1 <- t0 , v0
 load:	v0 <- b
 sle: t0 <- t1 , v0
 bne: t0 , zero : goto label3
 goto label4

label3: 
 iLoad:	v0 <- 2
 store:	a <- v0

label4: 
