
	.text 			# The .text assembler directive indicates
	.globl main		# The following is the code (as oppose to data)
main:				# .globl makes main know to the 
				# outside of the program.
# Prologue begins 
	sw $fp, 0($sp)		# Save the frame pointer
	sub $fp, $sp, 4		# Update the frame pointer

	sub $sp, $sp, 12		# Make space for the locals
# Prologue ends


label2: 
	li $v0, 0
	sw $v0, -4($fp)

label3: 
	lw $v0, -4($fp)
	li $t0, 5
	seq $t1, $v0, $t0
	bne $t1, $zero, label4 
	j label5

label4: 
	li $v0, 10
	sw $v0, -4($fp)
	j label6

label5: 
	lw $v0, -4($fp)
	sw $v0, 0($fp)
	li $v0, 5
	sw $v0, -4($fp)

label6: 
	lw $v0, -4($fp)
	li $t0, 9
	sgt $t1, $v0, $t0
	bne $t1, $zero, label3 
	j label7

label7: 

# Epilogue Begins
	add $sp, $sp, 12
	lw $fp, 0($sp)  
	jr        $31		# Jump back to the operating system.
# Epilogue Ends

