  Procedure: main
  Intermediate Code Statements

label3:    	
	load.d:    	f2 <- j
	iLoad.d:    	f4 <- 1.00
	add.d:    	f6 <- f2 , f4
	store.d:    	j <- f6
	load.d:    	f2 <- a
	iLoad.d:    	f4 <- 1.00
	add.d:    	f8 <- f2 , f4
	store.d:    	a <- f8
	goto label5

label4:    	
	load.d:    	f2 <- a
	uminus.d:    	f4 <- f2
	iLoad.d:    	f2 <- 1.00
	sub.d:    	f6 <- f4 , f2
	store.d:    	j <- f6

label5:    	
