
	.text 			# The .text assembler directive indicates
	.globl main		# The following is the code (as oppose to data)
main:				# .globl makes main know to the 
				# outside of the program.
# Prologue begins 
	sw $fp, 0($sp)		# Save the frame pointer
	sub $fp, $sp, 4		# Update the frame pointer

	sub $sp, $sp, 44		# Make space for the locals
# Prologue ends


label2:    	
	li.d $f2, 2.30
	s.d $f2, -16($fp)
	li.d $f4, 3.40
	s.d $f4, -8($fp)
	mul.d $f6, $f2, $f4
	sge $v0, $f6, $f2
	li $t0, 0
	sne $t1, $v0, $t0
	bne $t1, $zero, label3 
	j label4

label3:    	
	li.d $f2, 1.00
	s.d $f2, -24($fp)
	j label5

label4:    	
	li.d $f2, 0.00
	s.d $f2, -24($fp)

label5:    	
	l.d $f2, -24($fp)
	l.d $f4, -8($fp)
	li.d $f6, 2.00
	mul.d $f8, $f4, $f6
	slt $v0, $f2, $f8
	li $t0, 0
	sne $t1, $v0, $t0
	bne $t1, $zero, label6 
	j label7

label6:    	
	li.d $f2, 1.00
	s.d $f2, -32($fp)
	j label8

label7:    	
	li.d $f2, 0.00
	s.d $f2, -32($fp)

label8:    	
	l.d $f2, -32($fp)
	s.d $f2, 0($fp)

# Epilogue Begins
	add $sp, $sp, 44
	lw $fp, 0($sp)  
	jr        $31		# Jump back to the operating system.
# Epilogue Ends

