
	.data
e:	.word 0
d:	.word 0
c:	.word 0
b:	.word 0
a:	.word 0

	.text 			# The .text assembler directive indicates
	.globl main		# The following is the code (as oppose to data)
main:				# .globl makes main know to the 
				# outside of the program.
# Prologue begins 
	sw $fp, 0($sp)		# Save the frame pointer
	sub $fp, $sp, 4		# Update the frame pointer

	sub $sp, $sp, 16		# Make space for the locals
# Prologue ends


label2:    	
	li $v0, 2
	sw $v0, c
	lw $v0, c
	sw $v0, a
	li.d $f2, 3.40
	s.d $f2, e
	l.d $f2, e
	s.d $f2, d
	l.d $f2, d
	s.d $f2, b
	li $v0, 3
	sw $v0, -8($fp)
	li.d $f2, 10.00
	s.d $f2, 0($fp)
	lw $v0, -8($fp)
	mtc1 $f2, $v0
	l.d $f4, 0($fp)
	mul.d $f6, $f2, $f4
	l.d $f2, e
	lw $v0, c
	mtc1 $f4, $v0
	div.d $f8, $f2, $f4
	add.d $f2, $f6, $f8
	mfc1 $v0, $f2
	sw $v0, a
	lw $v0, a
	mtc1 $f2, $v0
	l.d $f4, e
	mul.d $f6, $f2, $f4
	l.d $f2, 0($fp)
	div.d $f4, $f6, $f2
	lw $v0, -8($fp)
	mtc1 $f2, $v0
	div.d $f6, $f4, $f2
	s.d $f6, 0($fp)

# Epilogue Begins
	add $sp, $sp, 16
	lw $fp, 0($sp)  
	jr        $31		# Jump back to the operating system.
# Epilogue Ends

