  Procedure: main
  Intermediate Code Statements

label2:    	
	iLoad:    	v0 <- 2
	store:    	c <- v0
	store:    	a <- v0
	iLoad.d:    	f2 <- 3.40
	store.d:    	e <- f2
	store.d:    	d <- f2
	store.d:    	b <- f2
	iLoad:    	t0 <- 3
	store:    	f <- t0
	iLoad.d:    	f4 <- 10.00
	store.d:    	t <- f4
	mtc1:    	f6 <- t0
	mul.d:    	f8 <- f6 , f4
	mtc1:    	f6 <- v0
	div.d:    	f10 <- f2 , f6
	add.d:    	f6 <- f8 , f10
	mfc1:    	t1 <- f6
	store:    	a <- t1
	mtc1:    	f6 <- t1
	mul.d:    	f8 <- f6 , f2
	div.d:    	f6 <- f8 , f4
	mtc1:    	f8 <- t0
	div.d:    	f10 <- f6 , f8
	store.d:    	t <- f10
