  Procedure: main
  Intermediate Code Statements

label2:    	
	iLoad.d:    	f2 <- 2.30
	store.d:    	a <- f2
	iLoad.d:    	f2 <- 3.40
	store.d:    	b <- f2
	iLoad.d:    	f2 <- 4.50
	store.d:    	c <- f2
	iLoad.d:    	f2 <- 5.60
	store.d:    	d <- f2
	iLoad.d:    	f2 <- 6.70
	store.d:    	e <- f2
	load.d:    	f2 <- b
	load.d:    	f4 <- c
	add.d:    	f6 <- f2 , f4
	load.d:    	f2 <- a
	sle:    	v0 <- f6 , f2
	iLoad:    	t0 <- 0
	sne:    	t1 <- v0 , t0
	bne:    	t1 , zero : goto label3
	goto label4

label3:    	
	iLoad.d:    	f2 <- 1.00
	store.d:    	iftmp0 <- f2
	goto label5

label4:    	
	iLoad.d:    	f2 <- 0.00
	store.d:    	iftmp0 <- f2

label5:    	
	load.d:    	f2 <- iftmp0
	load.d:    	f4 <- d
	sgt:    	v0 <- f2 , f4
	iLoad:    	t0 <- 0
	sne:    	t1 <- v0 , t0
	bne:    	t1 , zero : goto label6
	goto label7

label6:    	
	iLoad.d:    	f2 <- 1.00
	store.d:    	iftmp1 <- f2
	goto label8

label7:    	
	iLoad.d:    	f2 <- 0.00
	store.d:    	iftmp1 <- f2

label8:    	
	load.d:    	f2 <- iftmp1
	load.d:    	f4 <- e
	load.d:    	f6 <- d
	mul.d:    	f8 <- f4 , f6
	load.d:    	f4 <- c
	div.d:    	f6 <- f8 , f4
	sgt:    	v0 <- f2 , f6
	iLoad:    	t0 <- 0
	sne:    	t1 <- v0 , t0
	bne:    	t1 , zero : goto label9
	goto label10

label9:    	
	load.d:    	f2 <- a
	load.d:    	f4 <- d
	mul.d:    	f6 <- f2 , f4
	load.d:    	f2 <- e
	div.d:    	f4 <- f6 , f2
	store.d:    	a <- f4
	goto label11

label10:    	
	load.d:    	f2 <- e
	load.d:    	f4 <- d
	add.d:    	f6 <- f2 , f4
	store.d:    	e <- f6

label11:    	
