
	.text 			# The .text assembler directive indicates
	.globl main		# The following is the code (as oppose to data)
main:				# .globl makes main know to the 
				# outside of the program.
# Prologue begins 
	sw $fp, 0($sp)		# Save the frame pointer
	sub $fp, $sp, 4		# Update the frame pointer

	sub $sp, $sp, 12		# Make space for the locals
# Prologue ends


label2: 
	li $v0, 1
	sw $v0, -4($fp)
	li $v0, 2
	sw $v0, 0($fp)
	lw $v0, -4($fp)
	lw $t0, 0($fp)
	slt $t1, $v0, $t0
	bne $t1, $zero, label3 
	j label5

label3: 
	lw $v0, -4($fp)
	li $t0, 1
	seq $t1, $v0, $t0
	bne $t1, $zero, label4 
	j label5

label4: 
	li $v0, 3
	sw $v0, 0($fp)
	j label9

label5: 
	j label7

label6: 
	li $v0, 4
	sw $v0, 0($fp)

label7: 
	lw $v0, -4($fp)
	lw $t0, 0($fp)
	sgt $t1, $v0, $t0
	bne $t1, $zero, label6 
	j label8

label8: 
	lw $v0, -4($fp)
	li $t0, 1
	sne $t1, $v0, $t0
	bne $t1, $zero, label6 
	j label9

label9: 

# Epilogue Begins
	add $sp, $sp, 12
	lw $fp, 0($sp)  
	jr        $31		# Jump back to the operating system.
# Epilogue Ends

