  Procedure: main
  Intermediate Code Statements

label2: 
 iLoad:	v0 <- 3
 store:	a <- v0
 iLoad:	v0 <- 10
 store:	b <- v0
 iLoad:	v0 <- 2
 store:	c <- v0
 iLoad:	v0 <- 1
 store:	d <- v0
 iLoad:	v0 <- 4
 store:	e <- v0
 iLoad:	v0 <- 8
 store:	f <- v0
 iLoad:	v0 <- 11
 store:	g <- v0
 load:	v0 <- b
 load:	t0 <- c
 sgt: t1 <- v0 , t0
 bne: t1 , zero : goto label3
 goto label4

label3: 
 load:	v0 <- d
 load:	t0 <- e
 sgt: t1 <- v0 , t0
 store:	iftmp0 <- t1
 goto label5

label4: 
 load:	v0 <- f
 load:	t0 <- g
 sge: t1 <- v0 , t0
 store:	iftmp0 <- t1

label5: 
 load:	v0 <- iftmp0
 store:	a <- v0
