  Procedure: main
  Intermediate Code Statements

label2: 
 iLoad:	v0 <- 3
 store:	a <- v0
 iLoad:	t0 <- 10
 store:	b <- t0
 iLoad:	t1 <- 2
 store:	c <- t1
 iLoad:	t2 <- 1
 store:	d <- t2
 iLoad:	t3 <- 4
 store:	e <- t3
 iLoad:	t4 <- 8
 store:	f <- t4
 iLoad:	t5 <- 11
 store:	g <- t5
 sgt: t6 <- t0 , t1
 bne: t6 , zero : goto label3
 goto label4

label3: 
 load:	v0 <- d
 load:	t0 <- e
 sgt: t1 <- v0 , t0
 store:	iftmp0 <- t1
 goto label5

label4: 
 load:	v0 <- f
 load:	t0 <- g
 sge: t1 <- v0 , t0
 store:	iftmp0 <- t1

label5: 
 load:	v0 <- iftmp0
 store:	a <- v0
