  Procedure: main
  Intermediate Code Statements

label2: 
 iLoad:	v0 <- 3
 store:	a <- v0
 iLoad:	t0 <- 2
 sgt: t1 <- v0 , t0
 store:	a <- t1
 iLoad:	v0 <- 0
 sne: t0 <- t1 , v0
 bne: t0 , zero : goto label3
 goto label4

label3: 
 iLoad:	v0 <- 6
 store:	a <- v0
 goto label5

label4: 
 iLoad:	v0 <- 4
 store:	a <- v0

label5: 
