  Procedure: main
  Intermediate Code Statements

label2:    	
	iLoad:    	v0 <- 1
	store:    	a <- v0

label3:    	
	load:    	v0 <- a
	iLoad:    	t0 <- 5
	sgt:    	t1 <- v0 , t0
	bne:    	t1 , zero : goto label4
	goto label5

label4:    	

label5:    	
	load:    	v0 <- a
	iLoad:    	t0 <- 1
	add:    	t1 <- v0 , t0
	store:    	a <- t1
	goto label3
