  Procedure: main
  Intermediate Code Statements

label2: 
 iLoad:	v0 <- 4
 store:	a <- v0
 iLoad:	t0 <- 3
 store:	b <- t0
 iLoad:	t1 <- 2
 store:	c <- t1
 iLoad:	t2 <- 10
 store:	d <- t2
 sgt: t3 <- t0 , t1
 sgt: t4 <- t3 , t2
 bne: t4 , zero : goto label3
 goto label4

label3: 
 iLoad:	v0 <- 10
 store:	iftmp0 <- v0
 goto label5

label4: 
 iLoad:	v0 <- 11
 store:	iftmp0 <- v0

label5: 
 load:	v0 <- iftmp0
 store:	a <- v0
