
	.text 			# The .text assembler directive indicates
	.globl main		# The following is the code (as oppose to data)
main:				# .globl makes main know to the 
				# outside of the program.
# Prologue begins 
	sw $fp, 0($sp)		# Save the frame pointer
	sub $fp, $sp, 4		# Update the frame pointer

	sub $sp, $sp, 36		# Make space for the locals
# Prologue ends


label2:    	
	li $v0, 3
	sw $v0, -24($fp)
	li.d $f2, 2.30
	s.d $f2, 0($fp)
	lw $v0, -24($fp)
	mtc1 $f2, $v0
	l.d $f4, 0($fp)
	div.d $f6, $f2, $f4
	mfc1 $v0, $f6
	sw $v0, -28($fp)

# Epilogue Begins
	add $sp, $sp, 36
	lw $fp, 0($sp)  
	jr        $31		# Jump back to the operating system.
# Epilogue Ends

